C:\Program Files\dotnet\sdk\10.0.201\Microsoft.Common.CurrentVersion.targets(5395,5): warning MSB3026: Could not copy "D:\CODE\NET\wpf-nfc-attendance-management\WPF\obj\Debug\net9.0-windows\apphost.exe" to "bin\Debug\net9.0-windows\WPF.exe". Beginning retry 1 in 1000ms. The process cannot access the file 'D:\CODE\NET\wpf-nfc-attendance-management\WPF\bin\Debug\net9.0-windows\WPF.exe' because it is being used by another process. The file is locked by: "WPF (39528)" [D:\CODE\NET\wpf-nfc-attendance-management\WPF\WPF.csproj]
C:\Program Files\dotnet\sdk\10.0.201\Microsoft.Common.CurrentVersion.targets(5395,5): warning MSB3026: Could not copy "D:\CODE\NET\wpf-nfc-attendance-management\WPF\obj\Debug\net9.0-windows\apphost.exe" to "bin\Debug\net9.0-windows\WPF.exe". Beginning retry 2 in 1000ms. The process cannot access the file 'D:\CODE\NET\wpf-nfc-attendance-management\WPF\bin\Debug\net9.0-windows\WPF.exe' because it is being used by another process. The file is locked by: "WPF (39528)" [D:\CODE\NET\wpf-nfc-attendance-management\WPF\WPF.csproj]
C:\Program Files\dotnet\sdk\10.0.201\Microsoft.Common.CurrentVersion.targets(5395,5): warning MSB3026: Could not copy "D:\CODE\NET\wpf-nfc-attendance-management\WPF\obj\Debug\net9.0-windows\apphost.exe" to "bin\Debug\net9.0-windows\WPF.exe". Beginning retry 3 in 1000ms. The process cannot access the file 'D:\CODE\NET\wpf-nfc-attendance-management\WPF\bin\Debug\net9.0-windows\WPF.exe' because it is being used by another process. The file is locked by: "WPF (39528)" [D:\CODE\NET\wpf-nfc-attendance-management\WPF\WPF.csproj]
C:\Program Files\dotnet\sdk\10.0.201\Microsoft.Common.CurrentVersion.targets(5395,5): warning MSB3026: Could not copy "D:\CODE\NET\wpf-nfc-attendance-management\WPF\obj\Debug\net9.0-windows\apphost.exe" to "bin\Debug\net9.0-windows\WPF.exe". Beginning retry 4 in 1000ms. The process cannot access the file 'D:\CODE\NET\wpf-nfc-attendance-management\WPF\bin\Debug\net9.0-windows\WPF.exe' because it is being used by another process. The file is locked by: "WPF (39528)" [D:\CODE\NET\wpf-nfc-attendance-management\WPF\WPF.csproj]
C:\Program Files\dotnet\sdk\10.0.201\Microsoft.Common.CurrentVersion.targets(5395,5): warning MSB3026: Could not copy "D:\CODE\NET\wpf-nfc-attendance-management\WPF\obj\Debug\net9.0-windows\apphost.exe" to "bin\Debug\net9.0-windows\WPF.exe". Beginning retry 5 in 1000ms. The process cannot access the file 'D:\CODE\NET\wpf-nfc-attendance-management\WPF\bin\Debug\net9.0-windows\WPF.exe' because it is being used by another process. The file is locked by: "WPF (39528)" [D:\CODE\NET\wpf-nfc-attendance-management\WPF\WPF.csproj]
C:\Program Files\dotnet\sdk\10.0.201\Microsoft.Common.CurrentVersion.targets(5395,5): warning MSB3026: Could not copy "D:\CODE\NET\wpf-nfc-attendance-management\WPF\obj\Debug\net9.0-windows\apphost.exe" to "bin\Debug\net9.0-windows\WPF.exe". Beginning retry 6 in 1000ms. The process cannot access the file 'D:\CODE\NET\wpf-nfc-attendance-management\WPF\bin\Debug\net9.0-windows\WPF.exe' because it is being used by another process. The file is locked by: "WPF (39528)" [D:\CODE\NET\wpf-nfc-attendance-management\WPF\WPF.csproj]
C:\Program Files\dotnet\sdk\10.0.201\Microsoft.Common.CurrentVersion.targets(5395,5): warning MSB3026: Could not copy "D:\CODE\NET\wpf-nfc-attendance-management\WPF\obj\Debug\net9.0-windows\apphost.exe" to "bin\Debug\net9.0-windows\WPF.exe". Beginning retry 7 in 1000ms. The process cannot access the file 'D:\CODE\NET\wpf-nfc-attendance-management\WPF\bin\Debug\net9.0-windows\WPF.exe' because it is being used by another process. The file is locked by: "WPF (39528)" [D:\CODE\NET\wpf-nfc-attendance-management\WPF\WPF.csproj]
C:\Program Files\dotnet\sdk\10.0.201\Microsoft.Common.CurrentVersion.targets(5395,5): warning MSB3026: Could not copy "D:\CODE\NET\wpf-nfc-attendance-management\WPF\obj\Debug\net9.0-windows\apphost.exe" to "bin\Debug\net9.0-windows\WPF.exe". Beginning retry 8 in 1000ms. The process cannot access the file 'D:\CODE\NET\wpf-nfc-attendance-management\WPF\bin\Debug\net9.0-windows\WPF.exe' because it is being used by another process. The file is locked by: "WPF (39528)" [D:\CODE\NET\wpf-nfc-attendance-management\WPF\WPF.csproj]
C:\Program Files\dotnet\sdk\10.0.201\Microsoft.Common.CurrentVersion.targets(5395,5): warning MSB3026: Could not copy "D:\CODE\NET\wpf-nfc-attendance-management\WPF\obj\Debug\net9.0-windows\apphost.exe" to "bin\Debug\net9.0-windows\WPF.exe". Beginning retry 9 in 1000ms. The process cannot access the file 'D:\CODE\NET\wpf-nfc-attendance-management\WPF\bin\Debug\net9.0-windows\WPF.exe' because it is being used by another process. The file is locked by: "WPF (39528)" [D:\CODE\NET\wpf-nfc-attendance-management\WPF\WPF.csproj]
C:\Program Files\dotnet\sdk\10.0.201\Microsoft.Common.CurrentVersion.targets(5395,5): warning MSB3026: Could not copy "D:\CODE\NET\wpf-nfc-attendance-management\WPF\obj\Debug\net9.0-windows\apphost.exe" to "bin\Debug\net9.0-windows\WPF.exe". Beginning retry 10 in 1000ms. The process cannot access the file 'D:\CODE\NET\wpf-nfc-attendance-management\WPF\bin\Debug\net9.0-windows\WPF.exe' because it is being used by another process. The file is locked by: "WPF (39528)" [D:\CODE\NET\wpf-nfc-attendance-management\WPF\WPF.csproj]
C:\Program Files\dotnet\sdk\10.0.201\Microsoft.Common.CurrentVersion.targets(5395,5): error MSB3027: Could not copy "D:\CODE\NET\wpf-nfc-attendance-management\WPF\obj\Debug\net9.0-windows\apphost.exe" to "bin\Debug\net9.0-windows\WPF.exe". Exceeded retry count of 10. Failed. The file is locked by: "WPF (39528)" [D:\CODE\NET\wpf-nfc-attendance-management\WPF\WPF.csproj]
C:\Program Files\dotnet\sdk\10.0.201\Microsoft.Common.CurrentVersion.targets(5395,5): error MSB3021: Unable to copy file "D:\CODE\NET\wpf-nfc-attendance-management\WPF\obj\Debug\net9.0-windows\apphost.exe" to "bin\Debug\net9.0-windows\WPF.exe". The process cannot access the file 'D:\CODE\NET\wpf-nfc-attendance-management\WPF\bin\Debug\net9.0-windows\WPF.exe' because it is being used by another process. [D:\CODE\NET\wpf-nfc-attendance-management\WPF\WPF.csproj]

Build FAILED.

C:\Program Files\dotnet\sdk\10.0.201\Microsoft.Common.CurrentVersion.targets(5395,5): warning MSB3026: Could not copy "D:\CODE\NET\wpf-nfc-attendance-management\WPF\obj\Debug\net9.0-windows\apphost.exe" to "bin\Debug\net9.0-windows\WPF.exe". Beginning retry 1 in 1000ms. The process cannot access the file 'D:\CODE\NET\wpf-nfc-attendance-management\WPF\bin\Debug\net9.0-windows\WPF.exe' because it is being used by another process. The file is locked by: "WPF (39528)" [D:\CODE\NET\wpf-nfc-attendance-management\WPF\WPF.csproj]
C:\Program Files\dotnet\sdk\10.0.201\Microsoft.Common.CurrentVersion.targets(5395,5): warning MSB3026: Could not copy "D:\CODE\NET\wpf-nfc-attendance-management\WPF\obj\Debug\net9.0-windows\apphost.exe" to "bin\Debug\net9.0-windows\WPF.exe". Beginning retry 2 in 1000ms. The process cannot access the file 'D:\CODE\NET\wpf-nfc-attendance-management\WPF\bin\Debug\net9.0-windows\WPF.exe' because it is being used by another process. The file is locked by: "WPF (39528)" [D:\CODE\NET\wpf-nfc-attendance-management\WPF\WPF.csproj]
C:\Program Files\dotnet\sdk\10.0.201\Microsoft.Common.CurrentVersion.targets(5395,5): warning MSB3026: Could not copy "D:\CODE\NET\wpf-nfc-attendance-management\WPF\obj\Debug\net9.0-windows\apphost.exe" to "bin\Debug\net9.0-windows\WPF.exe". Beginning retry 3 in 1000ms. The process cannot access the file 'D:\CODE\NET\wpf-nfc-attendance-management\WPF\bin\Debug\net9.0-windows\WPF.exe' because it is being used by another process. The file is locked by: "WPF (39528)" [D:\CODE\NET\wpf-nfc-attendance-management\WPF\WPF.csproj]
C:\Program Files\dotnet\sdk\10.0.201\Microsoft.Common.CurrentVersion.targets(5395,5): warning MSB3026: Could not copy "D:\CODE\NET\wpf-nfc-attendance-management\WPF\obj\Debug\net9.0-windows\apphost.exe" to "bin\Debug\net9.0-windows\WPF.exe". Beginning retry 4 in 1000ms. The process cannot access the file 'D:\CODE\NET\wpf-nfc-attendance-management\WPF\bin\Debug\net9.0-windows\WPF.exe' because it is being used by another process. The file is locked by: "WPF (39528)" [D:\CODE\NET\wpf-nfc-attendance-management\WPF\WPF.csproj]
C:\Program Files\dotnet\sdk\10.0.201\Microsoft.Common.CurrentVersion.targets(5395,5): warning MSB3026: Could not copy "D:\CODE\NET\wpf-nfc-attendance-management\WPF\obj\Debug\net9.0-windows\apphost.exe" to "bin\Debug\net9.0-windows\WPF.exe". Beginning retry 5 in 1000ms. The process cannot access the file 'D:\CODE\NET\wpf-nfc-attendance-management\WPF\bin\Debug\net9.0-windows\WPF.exe' because it is being used by another process. The file is locked by: "WPF (39528)" [D:\CODE\NET\wpf-nfc-attendance-management\WPF\WPF.csproj]
C:\Program Files\dotnet\sdk\10.0.201\Microsoft.Common.CurrentVersion.targets(5395,5): warning MSB3026: Could not copy "D:\CODE\NET\wpf-nfc-attendance-management\WPF\obj\Debug\net9.0-windows\apphost.exe" to "bin\Debug\net9.0-windows\WPF.exe". Beginning retry 6 in 1000ms. The process cannot access the file 'D:\CODE\NET\wpf-nfc-attendance-management\WPF\bin\Debug\net9.0-windows\WPF.exe' because it is being used by another process. The file is locked by: "WPF (39528)" [D:\CODE\NET\wpf-nfc-attendance-management\WPF\WPF.csproj]
C:\Program Files\dotnet\sdk\10.0.201\Microsoft.Common.CurrentVersion.targets(5395,5): warning MSB3026: Could not copy "D:\CODE\NET\wpf-nfc-attendance-management\WPF\obj\Debug\net9.0-windows\apphost.exe" to "bin\Debug\net9.0-windows\WPF.exe". Beginning retry 7 in 1000ms. The process cannot access the file 'D:\CODE\NET\wpf-nfc-attendance-management\WPF\bin\Debug\net9.0-windows\WPF.exe' because it is being used by another process. The file is locked by: "WPF (39528)" [D:\CODE\NET\wpf-nfc-attendance-management\WPF\WPF.csproj]
C:\Program Files\dotnet\sdk\10.0.201\Microsoft.Common.CurrentVersion.targets(5395,5): warning MSB3026: Could not copy "D:\CODE\NET\wpf-nfc-attendance-management\WPF\obj\Debug\net9.0-windows\apphost.exe" to "bin\Debug\net9.0-windows\WPF.exe". Beginning retry 8 in 1000ms. The process cannot access the file 'D:\CODE\NET\wpf-nfc-attendance-management\WPF\bin\Debug\net9.0-windows\WPF.exe' because it is being used by another process. The file is locked by: "WPF (39528)" [D:\CODE\NET\wpf-nfc-attendance-management\WPF\WPF.csproj]
C:\Program Files\dotnet\sdk\10.0.201\Microsoft.Common.CurrentVersion.targets(5395,5): warning MSB3026: Could not copy "D:\CODE\NET\wpf-nfc-attendance-management\WPF\obj\Debug\net9.0-windows\apphost.exe" to "bin\Debug\net9.0-windows\WPF.exe". Beginning retry 9 in 1000ms. The process cannot access the file 'D:\CODE\NET\wpf-nfc-attendance-management\WPF\bin\Debug\net9.0-windows\WPF.exe' because it is being used by another process. The file is locked by: "WPF (39528)" [D:\CODE\NET\wpf-nfc-attendance-management\WPF\WPF.csproj]
C:\Program Files\dotnet\sdk\10.0.201\Microsoft.Common.CurrentVersion.targets(5395,5): warning MSB3026: Could not copy "D:\CODE\NET\wpf-nfc-attendance-management\WPF\obj\Debug\net9.0-windows\apphost.exe" to "bin\Debug\net9.0-windows\WPF.exe". Beginning retry 10 in 1000ms. The process cannot access the file 'D:\CODE\NET\wpf-nfc-attendance-management\WPF\bin\Debug\net9.0-windows\WPF.exe' because it is being used by another process. The file is locked by: "WPF (39528)" [D:\CODE\NET\wpf-nfc-attendance-management\WPF\WPF.csproj]
C:\Program Files\dotnet\sdk\10.0.201\Microsoft.Common.CurrentVersion.targets(5395,5): error MSB3027: Could not copy "D:\CODE\NET\wpf-nfc-attendance-management\WPF\obj\Debug\net9.0-windows\apphost.exe" to "bin\Debug\net9.0-windows\WPF.exe". Exceeded retry count of 10. Failed. The file is locked by: "WPF (39528)" [D:\CODE\NET\wpf-nfc-attendance-management\WPF\WPF.csproj]
C:\Program Files\dotnet\sdk\10.0.201\Microsoft.Common.CurrentVersion.targets(5395,5): error MSB3021: Unable to copy file "D:\CODE\NET\wpf-nfc-attendance-management\WPF\obj\Debug\net9.0-windows\apphost.exe" to "bin\Debug\net9.0-windows\WPF.exe". The process cannot access the file 'D:\CODE\NET\wpf-nfc-attendance-management\WPF\bin\Debug\net9.0-windows\WPF.exe' because it is being used by another process. [D:\CODE\NET\wpf-nfc-attendance-management\WPF\WPF.csproj]
    10 Warning(s)
    2 Error(s)

Time Elapsed 00:00:11.47
